// Jest Snapshot v1, https://goo.gl/fbAQLP

exports[`ContactUs matches snapshot 1`] = `
<RCTScrollView
  contentContainerStyle={
    {
      "alignItems": "center",
      "backgroundColor": "#F7F8F9",
      "flexDirection": "column",
    }
  }
  id="contact-us-section"
>
  <View>
    <View
      style={
        {
          "alignSelf": "center",
          "marginBottom": 20,
          "width": "90%",
        }
      }
    >
      <View
        style={
          {
            "alignItems": "center",
            "justifyContent": "center",
          }
        }
      >
        <Text>
          Contact Us
        </Text>
      </View>
      <View
        style={
          {
            "alignItems": "center",
            "backgroundColor": "#F7F8F9",
            "borderRadius": 8,
            "flexDirection": "row",
            "justifyContent": "flex-start",
            "width": "80%",
          }
        }
      >
        <View
          style={
            {
              "alignItems": "center",
              "backgroundColor": "#fff",
              "borderColor": "#e0e0e0",
              "borderRadius": 30,
              "boxShadow": "0px 2px 20px rgba(51, 101, 167, 0.18)",
              "elevation": 2,
              "height": 40,
              "justifyContent": "center",
              "margin": 10,
              "shadowColor": "#000",
              "shadowOffset": {
                "height": 1,
                "width": 0,
              },
              "shadowOpacity": 0.08,
              "shadowRadius": 2,
              "width": 40,
            }
          }
        >
          <View
            accessibilityRole="image"
            color="#006666"
            name="location-on"
            size={32}
          />
        </View>
        <Text
          style={
            {
              "color": "#006666",
              "fontSize": 16,
              "marginLeft": 12,
            }
          }
        >
          <Text
            style={
              {
                "color": "#006666",
                "fontWeight": "bold",
              }
            }
          >
            Address
          </Text>
          

          Zayats Yacht Transport, LLC
          

          55555 Orange Drive, Suite 555
          

          Fort Lauderdale, FL, 33330, USA
        </Text>
      </View>
      <View
        style={
          {
            "alignItems": "center",
            "backgroundColor": "#F7F8F9",
            "borderRadius": 8,
            "flexDirection": "row",
            "justifyContent": "flex-start",
            "width": "80%",
          }
        }
      >
        <View
          style={
            {
              "alignItems": "center",
              "backgroundColor": "#fff",
              "borderColor": "#e0e0e0",
              "borderRadius": 30,
              "boxShadow": "0px 2px 20px rgba(51, 101, 167, 0.18)",
              "elevation": 2,
              "height": 40,
              "justifyContent": "center",
              "margin": 10,
              "shadowColor": "#000",
              "shadowOffset": {
                "height": 1,
                "width": 0,
              },
              "shadowOpacity": 0.08,
              "shadowRadius": 2,
              "width": 40,
            }
          }
        >
          <View
            accessibilityRole="image"
            color="#006666"
            name="email"
            size={32}
          />
        </View>
        <Text
          style={
            {
              "color": "#006666",
              "fontSize": 16,
              "marginLeft": 12,
            }
          }
        >
          <Text
            style={
              {
                "color": "#006666",
                "fontWeight": "bold",
              }
            }
          >
            Email
          </Text>
          

          <View
            accessibilityLabel="Send email to info@zayats-yacht.com"
            accessibilityRole="button"
            accessibilityState={
              {
                "busy": undefined,
                "checked": undefined,
                "disabled": undefined,
                "expanded": undefined,
                "selected": undefined,
              }
            }
            accessibilityValue={
              {
                "max": undefined,
                "min": undefined,
                "now": undefined,
                "text": undefined,
              }
            }
            accessible={true}
            collapsable={false}
            focusable={true}
            onClick={[Function]}
            onResponderGrant={[Function]}
            onResponderMove={[Function]}
            onResponderRelease={[Function]}
            onResponderTerminate={[Function]}
            onResponderTerminationRequest={[Function]}
            onStartShouldSetResponder={[Function]}
            style={
              {
                "opacity": 1,
              }
            }
          >
            <Text
              style={
                [
                  {
                    "color": "#006666",
                    "textDecorationLine": "none",
                  },
                ]
              }
            >
              info@zayats-yacht.com
            </Text>
          </View>
        </Text>
      </View>
      <View
        style={
          {
            "alignItems": "center",
            "backgroundColor": "#F7F8F9",
            "borderRadius": 8,
            "flexDirection": "row",
            "justifyContent": "flex-start",
            "width": "80%",
          }
        }
      >
        <View
          style={
            {
              "alignItems": "center",
              "backgroundColor": "#fff",
              "borderColor": "#e0e0e0",
              "borderRadius": 30,
              "boxShadow": "0px 2px 20px rgba(51, 101, 167, 0.18)",
              "elevation": 2,
              "height": 40,
              "justifyContent": "center",
              "margin": 10,
              "shadowColor": "#000",
              "shadowOffset": {
                "height": 1,
                "width": 0,
              },
              "shadowOpacity": 0.08,
              "shadowRadius": 2,
              "width": 40,
            }
          }
        >
          <View
            accessibilityRole="image"
            color="#006666"
            name="phone"
            size={32}
          />
        </View>
        <Text
          style={
            {
              "color": "#006666",
              "fontSize": 16,
              "marginLeft": 12,
            }
          }
        >
          <Text
            style={
              {
                "color": "#006666",
                "fontWeight": "bold",
              }
            }
          >
            Phone
          </Text>
          

          <View
            accessibilityLabel="Call phone number +1 (555) 555-5555"
            accessibilityRole="button"
            accessibilityState={
              {
                "busy": undefined,
                "checked": undefined,
                "disabled": undefined,
                "expanded": undefined,
                "selected": undefined,
              }
            }
            accessibilityValue={
              {
                "max": undefined,
                "min": undefined,
                "now": undefined,
                "text": undefined,
              }
            }
            accessible={true}
            collapsable={false}
            focusable={true}
            onClick={[Function]}
            onResponderGrant={[Function]}
            onResponderMove={[Function]}
            onResponderRelease={[Function]}
            onResponderTerminate={[Function]}
            onResponderTerminationRequest={[Function]}
            onStartShouldSetResponder={[Function]}
            style={
              {
                "opacity": 1,
              }
            }
          >
            <Text
              style={
                {
                  "color": "#006666",
                  "textDecorationLine": "none",
                }
              }
            >
              +1 (555) 555-5555
            </Text>
          </View>
        </Text>
      </View>
    </View>
  </View>
</RCTScrollView>
`;
